// Jest Snapshot v1, https://goo.gl/fbAQLP

exports[`create client as admin matches snapshot DOM node structure 1`] = `
<DocumentFragment>
  <div
    id="comp-content"
  >
    <div
      class="comp-header"
    >
      <h1>
        Create Client
      </h1>
    </div>
    <div
      class="create-client-error"
    >
      <div
        class="error-message"
      />
    </div>
    <div>
      <form
        enctype="multipart/form-data"
        id="create-client-form"
      >
        <div
          class="input-container"
        >
          <label
            class="input-label"
            for="clientName"
          >
            Client Name 
            <span
              class="requiredsign"
            >
              *
            </span>
          </label>
          <input
            autocomplete="off"
            class="input-field"
            id="clientName"
            maxlength="20"
            name="clientName"
            pattern="[^0-9]+"
            required=""
            title="Input can only contain letters"
            type="text"
            value=""
          />
        </div>
        <div
          class="input-container"
        >
          <label
            class="input-label"
            for="phoneNumber"
          >
            Phone # 
          </label>
          <input
            autocomplete="off"
            class="input-field"
            id="phoneNumber"
            maxlength="16"
            name="phoneNumber"
            title="Input can only accept numbers"
            type="text"
            value=""
          />
        </div>
        <div
          class="input-container"
        >
          <label
            class="input-label"
            for="addressLine1"
          >
            Address Line 1 
          </label>
          <input
            autocomplete="off"
            class="input-field"
            id="addressLine1"
            maxlength="200"
            name="addressLine1"
            type="text"
            value=""
          />
        </div>
        <div
          class="input-container"
        >
          <label
            class="input-label"
            for="addressLine2"
          >
            Address Line 2 
          </label>
          <input
            autocomplete="off"
            class="input-field"
            id="addressLine2"
            maxlength="200"
            name="addressLine2"
            type="text"
            value=""
          />
        </div>
        <div
          class="input-container"
        >
          <label
            class="input-label"
            for="city"
          >
            City 
          </label>
          <input
            autocomplete="off"
            class="input-field"
            id="city"
            maxlength="40"
            name="city"
            type="text"
            value=""
          />
        </div>
        <div
          class="input-container"
        >
          <label
            class="input-label"
            for="state"
          >
            State / Province 
          </label>
          <input
            autocomplete="off"
            class="input-field"
            id="state"
            name="state"
            type="text"
            value=""
          />
        </div>
        <div
          class="input-container"
        >
          <label
            class="input-label"
            for="country"
          >
            Country 
          </label>
          <input
            autocomplete="off"
            class="input-field"
            id="country"
            name="country"
            type="text"
            value=""
          />
        </div>
        <div
          class="input-container"
        >
          <label
            class="input-label"
            for="postalCode"
          >
            ZIP Code 
          </label>
          <input
            autocomplete="off"
            class="input-field"
            id="postalCode"
            name="postalCode"
            type="text"
            value=""
          />
        </div>
        <div
          class="create-int-btn-row"
        >
          <input
            class="form-btn"
            data-testid="submit-btn"
            id="int-save-btn"
            name="submit"
            type="submit"
            value="Submit"
          />
          <input
            class="form-btn"
            data-testid="reset-btn"
            id="int-reset-btn"
            name="cancel"
            type="reset"
            value="Reset"
          />
        </div>
      </form>
    </div>
  </div>
</DocumentFragment>
`;
