// Jest Snapshot v1, https://goo.gl/fbAQLP

exports[`share job modal matches snapshot DOM structure 1`] = `<DocumentFragment />`;
